PHPUnit 11.5.18 by Sebastian Bergmann and contributors.

Runtime:       PHP 8.3.16
Configuration: C:\laragon\www\examen\phpunit.xml

FFEEEEEEEEFEEEFFEEFFEEEEE.....                                                                               30 / 30 (100%)

Time: 00:01.032, Memory: 18.00 MB

There was 1 PHPUnit test runner warning:

1) No code coverage driver available

--

There were 18 errors:

1) Tests\Controllers\ResultadoControllerTest::testVerificarEstado
CodeIgniter\Database\Exceptions\DatabaseException: Unable to prepare statement: no such table: db_conductores

C:\laragon\www\examen\system\Database\BaseConnection.php:692
C:\laragon\www\examen\system\Database\BaseBuilder.php:1649
C:\laragon\www\examen\system\Validation\Rules.php:175
C:\laragon\www\examen\system\Validation\StrictRules\Rules.php:187
C:\laragon\www\examen\system\Validation\Validation.php:337
C:\laragon\www\examen\system\Validation\Validation.php:202
C:\laragon\www\examen\system\BaseModel.php:1576
C:\laragon\www\examen\system\BaseModel.php:808
C:\laragon\www\examen\system\Model.php:800
C:\laragon\www\examen\tests\Controllers\ResultadoControllerTest.php:30

Caused by
CodeIgniter\Database\Exceptions\DatabaseException: Unable to prepare statement: no such table: db_conductores

C:\laragon\www\examen\system\Database\SQLite3\Connection.php:181
C:\laragon\www\examen\system\Database\BaseConnection.php:738
C:\laragon\www\examen\system\Database\BaseConnection.php:652
C:\laragon\www\examen\system\Database\BaseBuilder.php:1649
C:\laragon\www\examen\system\Validation\Rules.php:175
C:\laragon\www\examen\system\Validation\StrictRules\Rules.php:187
C:\laragon\www\examen\system\Validation\Validation.php:337
C:\laragon\www\examen\system\Validation\Validation.php:202
C:\laragon\www\examen\system\BaseModel.php:1576
C:\laragon\www\examen\system\BaseModel.php:808
C:\laragon\www\examen\system\Model.php:800
C:\laragon\www\examen\tests\Controllers\ResultadoControllerTest.php:30

Caused by
SQLite3Exception: Unable to prepare statement: no such table: db_conductores

C:\laragon\www\examen\system\Database\SQLite3\Connection.php:176
C:\laragon\www\examen\system\Database\BaseConnection.php:738
C:\laragon\www\examen\system\Database\BaseConnection.php:652
C:\laragon\www\examen\system\Database\BaseBuilder.php:1649
C:\laragon\www\examen\system\Validation\Rules.php:175
C:\laragon\www\examen\system\Validation\StrictRules\Rules.php:187
C:\laragon\www\examen\system\Validation\Validation.php:337
C:\laragon\www\examen\system\Validation\Validation.php:202
C:\laragon\www\examen\system\BaseModel.php:1576
C:\laragon\www\examen\system\BaseModel.php:808
C:\laragon\www\examen\system\Model.php:800
C:\laragon\www\examen\tests\Controllers\ResultadoControllerTest.php:30

2) Tests\Controllers\ResultadoControllerTest::testHistorial
CodeIgniter\Database\Exceptions\DatabaseException: Unable to prepare statement: no such table: db_conductores

C:\laragon\www\examen\system\Database\BaseConnection.php:692
C:\laragon\www\examen\system\Database\BaseBuilder.php:1649
C:\laragon\www\examen\system\Validation\Rules.php:175
C:\laragon\www\examen\system\Validation\StrictRules\Rules.php:187
C:\laragon\www\examen\system\Validation\Validation.php:337
C:\laragon\www\examen\system\Validation\Validation.php:202
C:\laragon\www\examen\system\BaseModel.php:1576
C:\laragon\www\examen\system\BaseModel.php:808
C:\laragon\www\examen\system\Model.php:800
C:\laragon\www\examen\tests\Controllers\ResultadoControllerTest.php:30

Caused by
CodeIgniter\Database\Exceptions\DatabaseException: Unable to prepare statement: no such table: db_conductores

C:\laragon\www\examen\system\Database\SQLite3\Connection.php:181
C:\laragon\www\examen\system\Database\BaseConnection.php:738
C:\laragon\www\examen\system\Database\BaseConnection.php:652
C:\laragon\www\examen\system\Database\BaseBuilder.php:1649
C:\laragon\www\examen\system\Validation\Rules.php:175
C:\laragon\www\examen\system\Validation\StrictRules\Rules.php:187
C:\laragon\www\examen\system\Validation\Validation.php:337
C:\laragon\www\examen\system\Validation\Validation.php:202
C:\laragon\www\examen\system\BaseModel.php:1576
C:\laragon\www\examen\system\BaseModel.php:808
C:\laragon\www\examen\system\Model.php:800
C:\laragon\www\examen\tests\Controllers\ResultadoControllerTest.php:30

Caused by
SQLite3Exception: Unable to prepare statement: no such table: db_conductores

C:\laragon\www\examen\system\Database\SQLite3\Connection.php:176
C:\laragon\www\examen\system\Database\BaseConnection.php:738
C:\laragon\www\examen\system\Database\BaseConnection.php:652
C:\laragon\www\examen\system\Database\BaseBuilder.php:1649
C:\laragon\www\examen\system\Validation\Rules.php:175
C:\laragon\www\examen\system\Validation\StrictRules\Rules.php:187
C:\laragon\www\examen\system\Validation\Validation.php:337
C:\laragon\www\examen\system\Validation\Validation.php:202
C:\laragon\www\examen\system\BaseModel.php:1576
C:\laragon\www\examen\system\BaseModel.php:808
C:\laragon\www\examen\system\Model.php:800
C:\laragon\www\examen\tests\Controllers\ResultadoControllerTest.php:30

3) Tests\Feature\ExamenFlujoTest::testApiExamenesEndpoint
CodeIgniter\Database\Exceptions\DatabaseException: Unable to prepare statement: no such table: db_conductores

C:\laragon\www\examen\system\Database\BaseConnection.php:692
C:\laragon\www\examen\system\Database\BaseBuilder.php:1649
C:\laragon\www\examen\system\Validation\Rules.php:175
C:\laragon\www\examen\system\Validation\StrictRules\Rules.php:187
C:\laragon\www\examen\system\Validation\Validation.php:337
C:\laragon\www\examen\system\Validation\Validation.php:202
C:\laragon\www\examen\system\BaseModel.php:1576
C:\laragon\www\examen\system\BaseModel.php:808
C:\laragon\www\examen\system\Model.php:800
C:\laragon\www\examen\tests\Feature\ExamenFlujoTest.php:33

Caused by
CodeIgniter\Database\Exceptions\DatabaseException: Unable to prepare statement: no such table: db_conductores

C:\laragon\www\examen\system\Database\SQLite3\Connection.php:181
C:\laragon\www\examen\system\Database\BaseConnection.php:738
C:\laragon\www\examen\system\Database\BaseConnection.php:652
C:\laragon\www\examen\system\Database\BaseBuilder.php:1649
C:\laragon\www\examen\system\Validation\Rules.php:175
C:\laragon\www\examen\system\Validation\StrictRules\Rules.php:187
C:\laragon\www\examen\system\Validation\Validation.php:337
C:\laragon\www\examen\system\Validation\Validation.php:202
C:\laragon\www\examen\system\BaseModel.php:1576
C:\laragon\www\examen\system\BaseModel.php:808
C:\laragon\www\examen\system\Model.php:800
C:\laragon\www\examen\tests\Feature\ExamenFlujoTest.php:33

Caused by
SQLite3Exception: Unable to prepare statement: no such table: db_conductores

C:\laragon\www\examen\system\Database\SQLite3\Connection.php:176
C:\laragon\www\examen\system\Database\BaseConnection.php:738
C:\laragon\www\examen\system\Database\BaseConnection.php:652
C:\laragon\www\examen\system\Database\BaseBuilder.php:1649
C:\laragon\www\examen\system\Validation\Rules.php:175
C:\laragon\www\examen\system\Validation\StrictRules\Rules.php:187
C:\laragon\www\examen\system\Validation\Validation.php:337
C:\laragon\www\examen\system\Validation\Validation.php:202
C:\laragon\www\examen\system\BaseModel.php:1576
C:\laragon\www\examen\system\BaseModel.php:808
C:\laragon\www\examen\system\Model.php:800
C:\laragon\www\examen\tests\Feature\ExamenFlujoTest.php:33

4) Tests\Models\ConductorModelTest::testFind
CodeIgniter\Database\Exceptions\DatabaseException: Unable to prepare statement: no such table: db_conductores

C:\laragon\www\examen\system\Database\BaseConnection.php:692
C:\laragon\www\examen\system\Database\BaseBuilder.php:1649
C:\laragon\www\examen\system\Validation\Rules.php:175
C:\laragon\www\examen\system\Validation\StrictRules\Rules.php:187
C:\laragon\www\examen\system\Validation\Validation.php:337
C:\laragon\www\examen\system\Validation\Validation.php:202
C:\laragon\www\examen\system\BaseModel.php:1576
C:\laragon\www\examen\system\BaseModel.php:808
C:\laragon\www\examen\system\Model.php:800
C:\laragon\www\examen\tests\Models\ConductorModelTest.php:22

Caused by
CodeIgniter\Database\Exceptions\DatabaseException: Unable to prepare statement: no such table: db_conductores

C:\laragon\www\examen\system\Database\SQLite3\Connection.php:181
C:\laragon\www\examen\system\Database\BaseConnection.php:738
C:\laragon\www\examen\system\Database\BaseConnection.php:652
C:\laragon\www\examen\system\Database\BaseBuilder.php:1649
C:\laragon\www\examen\system\Validation\Rules.php:175
C:\laragon\www\examen\system\Validation\StrictRules\Rules.php:187
C:\laragon\www\examen\system\Validation\Validation.php:337
C:\laragon\www\examen\system\Validation\Validation.php:202
C:\laragon\www\examen\system\BaseModel.php:1576
C:\laragon\www\examen\system\BaseModel.php:808
C:\laragon\www\examen\system\Model.php:800
C:\laragon\www\examen\tests\Models\ConductorModelTest.php:22

Caused by
SQLite3Exception: Unable to prepare statement: no such table: db_conductores

C:\laragon\www\examen\system\Database\SQLite3\Connection.php:176
C:\laragon\www\examen\system\Database\BaseConnection.php:738
C:\laragon\www\examen\system\Database\BaseConnection.php:652
C:\laragon\www\examen\system\Database\BaseBuilder.php:1649
C:\laragon\www\examen\system\Validation\Rules.php:175
C:\laragon\www\examen\system\Validation\StrictRules\Rules.php:187
C:\laragon\www\examen\system\Validation\Validation.php:337
C:\laragon\www\examen\system\Validation\Validation.php:202
C:\laragon\www\examen\system\BaseModel.php:1576
C:\laragon\www\examen\system\BaseModel.php:808
C:\laragon\www\examen\system\Model.php:800
C:\laragon\www\examen\tests\Models\ConductorModelTest.php:22

5) Tests\Models\ConductorModelTest::testInsert
CodeIgniter\Database\Exceptions\DatabaseException: Unable to prepare statement: no such table: db_conductores

C:\laragon\www\examen\system\Database\BaseConnection.php:692
C:\laragon\www\examen\system\Database\BaseBuilder.php:1649
C:\laragon\www\examen\system\Validation\Rules.php:175
C:\laragon\www\examen\system\Validation\StrictRules\Rules.php:187
C:\laragon\www\examen\system\Validation\Validation.php:337
C:\laragon\www\examen\system\Validation\Validation.php:202
C:\laragon\www\examen\system\BaseModel.php:1576
C:\laragon\www\examen\system\BaseModel.php:808
C:\laragon\www\examen\system\Model.php:800
C:\laragon\www\examen\tests\Models\ConductorModelTest.php:22

Caused by
CodeIgniter\Database\Exceptions\DatabaseException: Unable to prepare statement: no such table: db_conductores

C:\laragon\www\examen\system\Database\SQLite3\Connection.php:181
C:\laragon\www\examen\system\Database\BaseConnection.php:738
C:\laragon\www\examen\system\Database\BaseConnection.php:652
C:\laragon\www\examen\system\Database\BaseBuilder.php:1649
C:\laragon\www\examen\system\Validation\Rules.php:175
C:\laragon\www\examen\system\Validation\StrictRules\Rules.php:187
C:\laragon\www\examen\system\Validation\Validation.php:337
C:\laragon\www\examen\system\Validation\Validation.php:202
C:\laragon\www\examen\system\BaseModel.php:1576
C:\laragon\www\examen\system\BaseModel.php:808
C:\laragon\www\examen\system\Model.php:800
C:\laragon\www\examen\tests\Models\ConductorModelTest.php:22

Caused by
SQLite3Exception: Unable to prepare statement: no such table: db_conductores

C:\laragon\www\examen\system\Database\SQLite3\Connection.php:176
C:\laragon\www\examen\system\Database\BaseConnection.php:738
C:\laragon\www\examen\system\Database\BaseConnection.php:652
C:\laragon\www\examen\system\Database\BaseBuilder.php:1649
C:\laragon\www\examen\system\Validation\Rules.php:175
C:\laragon\www\examen\system\Validation\StrictRules\Rules.php:187
C:\laragon\www\examen\system\Validation\Validation.php:337
C:\laragon\www\examen\system\Validation\Validation.php:202
C:\laragon\www\examen\system\BaseModel.php:1576
C:\laragon\www\examen\system\BaseModel.php:808
C:\laragon\www\examen\system\Model.php:800
C:\laragon\www\examen\tests\Models\ConductorModelTest.php:22

6) Tests\Models\ConductorModelTest::testUpdate
CodeIgniter\Database\Exceptions\DatabaseException: Unable to prepare statement: no such table: db_conductores

C:\laragon\www\examen\system\Database\BaseConnection.php:692
C:\laragon\www\examen\system\Database\BaseBuilder.php:1649
C:\laragon\www\examen\system\Validation\Rules.php:175
C:\laragon\www\examen\system\Validation\StrictRules\Rules.php:187
C:\laragon\www\examen\system\Validation\Validation.php:337
C:\laragon\www\examen\system\Validation\Validation.php:202
C:\laragon\www\examen\system\BaseModel.php:1576
C:\laragon\www\examen\system\BaseModel.php:808
C:\laragon\www\examen\system\Model.php:800
C:\laragon\www\examen\tests\Models\ConductorModelTest.php:22

Caused by
CodeIgniter\Database\Exceptions\DatabaseException: Unable to prepare statement: no such table: db_conductores

C:\laragon\www\examen\system\Database\SQLite3\Connection.php:181
C:\laragon\www\examen\system\Database\BaseConnection.php:738
C:\laragon\www\examen\system\Database\BaseConnection.php:652
C:\laragon\www\examen\system\Database\BaseBuilder.php:1649
C:\laragon\www\examen\system\Validation\Rules.php:175
C:\laragon\www\examen\system\Validation\StrictRules\Rules.php:187
C:\laragon\www\examen\system\Validation\Validation.php:337
C:\laragon\www\examen\system\Validation\Validation.php:202
C:\laragon\www\examen\system\BaseModel.php:1576
C:\laragon\www\examen\system\BaseModel.php:808
C:\laragon\www\examen\system\Model.php:800
C:\laragon\www\examen\tests\Models\ConductorModelTest.php:22

Caused by
SQLite3Exception: Unable to prepare statement: no such table: db_conductores

C:\laragon\www\examen\system\Database\SQLite3\Connection.php:176
C:\laragon\www\examen\system\Database\BaseConnection.php:738
C:\laragon\www\examen\system\Database\BaseConnection.php:652
C:\laragon\www\examen\system\Database\BaseBuilder.php:1649
C:\laragon\www\examen\system\Validation\Rules.php:175
C:\laragon\www\examen\system\Validation\StrictRules\Rules.php:187
C:\laragon\www\examen\system\Validation\Validation.php:337
C:\laragon\www\examen\system\Validation\Validation.php:202
C:\laragon\www\examen\system\BaseModel.php:1576
C:\laragon\www\examen\system\BaseModel.php:808
C:\laragon\www\examen\system\Model.php:800
C:\laragon\www\examen\tests\Models\ConductorModelTest.php:22

7) Tests\Models\ConductorModelTest::testDelete
CodeIgniter\Database\Exceptions\DatabaseException: Unable to prepare statement: no such table: db_conductores

C:\laragon\www\examen\system\Database\BaseConnection.php:692
C:\laragon\www\examen\system\Database\BaseBuilder.php:1649
C:\laragon\www\examen\system\Validation\Rules.php:175
C:\laragon\www\examen\system\Validation\StrictRules\Rules.php:187
C:\laragon\www\examen\system\Validation\Validation.php:337
C:\laragon\www\examen\system\Validation\Validation.php:202
C:\laragon\www\examen\system\BaseModel.php:1576
C:\laragon\www\examen\system\BaseModel.php:808
C:\laragon\www\examen\system\Model.php:800
C:\laragon\www\examen\tests\Models\ConductorModelTest.php:22

Caused by
CodeIgniter\Database\Exceptions\DatabaseException: Unable to prepare statement: no such table: db_conductores

C:\laragon\www\examen\system\Database\SQLite3\Connection.php:181
C:\laragon\www\examen\system\Database\BaseConnection.php:738
C:\laragon\www\examen\system\Database\BaseConnection.php:652
C:\laragon\www\examen\system\Database\BaseBuilder.php:1649
C:\laragon\www\examen\system\Validation\Rules.php:175
C:\laragon\www\examen\system\Validation\StrictRules\Rules.php:187
C:\laragon\www\examen\system\Validation\Validation.php:337
C:\laragon\www\examen\system\Validation\Validation.php:202
C:\laragon\www\examen\system\BaseModel.php:1576
C:\laragon\www\examen\system\BaseModel.php:808
C:\laragon\www\examen\system\Model.php:800
C:\laragon\www\examen\tests\Models\ConductorModelTest.php:22

Caused by
SQLite3Exception: Unable to prepare statement: no such table: db_conductores

C:\laragon\www\examen\system\Database\SQLite3\Connection.php:176
C:\laragon\www\examen\system\Database\BaseConnection.php:738
C:\laragon\www\examen\system\Database\BaseConnection.php:652
C:\laragon\www\examen\system\Database\BaseBuilder.php:1649
C:\laragon\www\examen\system\Validation\Rules.php:175
C:\laragon\www\examen\system\Validation\StrictRules\Rules.php:187
C:\laragon\www\examen\system\Validation\Validation.php:337
C:\laragon\www\examen\system\Validation\Validation.php:202
C:\laragon\www\examen\system\BaseModel.php:1576
C:\laragon\www\examen\system\BaseModel.php:808
C:\laragon\www\examen\system\Model.php:800
C:\laragon\www\examen\tests\Models\ConductorModelTest.php:22

8) Tests\Models\ExamenModelTest::testFind
CodeIgniter\Database\Exceptions\DatabaseException: Unable to prepare statement: no such table: db_examenes

C:\laragon\www\examen\system\Database\BaseConnection.php:692
C:\laragon\www\examen\system\Database\BaseBuilder.php:1649
C:\laragon\www\examen\system\Model.php:210
C:\laragon\www\examen\system\BaseModel.php:609
C:\laragon\www\examen\tests\Models\ExamenModelTest.php:40

Caused by
CodeIgniter\Database\Exceptions\DatabaseException: Unable to prepare statement: no such table: db_examenes

C:\laragon\www\examen\system\Database\SQLite3\Connection.php:181
C:\laragon\www\examen\system\Database\BaseConnection.php:738
C:\laragon\www\examen\system\Database\BaseConnection.php:652
C:\laragon\www\examen\system\Database\BaseBuilder.php:1649
C:\laragon\www\examen\system\Model.php:210
C:\laragon\www\examen\system\BaseModel.php:609
C:\laragon\www\examen\tests\Models\ExamenModelTest.php:40

Caused by
SQLite3Exception: Unable to prepare statement: no such table: db_examenes

C:\laragon\www\examen\system\Database\SQLite3\Connection.php:176
C:\laragon\www\examen\system\Database\BaseConnection.php:738
C:\laragon\www\examen\system\Database\BaseConnection.php:652
C:\laragon\www\examen\system\Database\BaseBuilder.php:1649
C:\laragon\www\examen\system\Model.php:210
C:\laragon\www\examen\system\BaseModel.php:609
C:\laragon\www\examen\tests\Models\ExamenModelTest.php:40

9) Tests\Models\ExamenModelTest::testUpdate
CodeIgniter\Database\Exceptions\DataException: There is no data to update.

C:\laragon\www\examen\system\BaseModel.php:1010
C:\laragon\www\examen\system\Model.php:863
C:\laragon\www\examen\tests\Models\ExamenModelTest.php:67

10) Tests\Models\ExamenModelTest::testDelete
CodeIgniter\Database\Exceptions\DatabaseException: no such table: db_examenes

C:\laragon\www\examen\system\Database\BaseConnection.php:692
C:\laragon\www\examen\system\Database\BaseBuilder.php:2848
C:\laragon\www\examen\system\Model.php:521
C:\laragon\www\examen\system\BaseModel.php:1157
C:\laragon\www\examen\tests\Models\ExamenModelTest.php:77

Caused by
CodeIgniter\Database\Exceptions\DatabaseException: no such table: db_examenes

C:\laragon\www\examen\system\Database\SQLite3\Connection.php:181
C:\laragon\www\examen\system\Database\BaseConnection.php:738
C:\laragon\www\examen\system\Database\BaseConnection.php:652
C:\laragon\www\examen\system\Database\BaseBuilder.php:2848
C:\laragon\www\examen\system\Model.php:521
C:\laragon\www\examen\system\BaseModel.php:1157
C:\laragon\www\examen\tests\Models\ExamenModelTest.php:77

Caused by
SQLite3Exception: no such table: db_examenes

C:\laragon\www\examen\system\Database\SQLite3\Connection.php:175
C:\laragon\www\examen\system\Database\BaseConnection.php:738
C:\laragon\www\examen\system\Database\BaseConnection.php:652
C:\laragon\www\examen\system\Database\BaseBuilder.php:2848
C:\laragon\www\examen\system\Model.php:521
C:\laragon\www\examen\system\BaseModel.php:1157
C:\laragon\www\examen\tests\Models\ExamenModelTest.php:77

11) Tests\Models\PreguntaModelTest::testFind
CodeIgniter\Database\Exceptions\DatabaseException: Unable to prepare statement: no such table: db_preguntas

C:\laragon\www\examen\system\Database\BaseConnection.php:692
C:\laragon\www\examen\system\Database\BaseBuilder.php:1649
C:\laragon\www\examen\system\Model.php:210
C:\laragon\www\examen\system\BaseModel.php:609
C:\laragon\www\examen\tests\Models\PreguntaModelTest.php:58

Caused by
CodeIgniter\Database\Exceptions\DatabaseException: Unable to prepare statement: no such table: db_preguntas

C:\laragon\www\examen\system\Database\SQLite3\Connection.php:181
C:\laragon\www\examen\system\Database\BaseConnection.php:738
C:\laragon\www\examen\system\Database\BaseConnection.php:652
C:\laragon\www\examen\system\Database\BaseBuilder.php:1649
C:\laragon\www\examen\system\Model.php:210
C:\laragon\www\examen\system\BaseModel.php:609
C:\laragon\www\examen\tests\Models\PreguntaModelTest.php:58

Caused by
SQLite3Exception: Unable to prepare statement: no such table: db_preguntas

C:\laragon\www\examen\system\Database\SQLite3\Connection.php:176
C:\laragon\www\examen\system\Database\BaseConnection.php:738
C:\laragon\www\examen\system\Database\BaseConnection.php:652
C:\laragon\www\examen\system\Database\BaseBuilder.php:1649
C:\laragon\www\examen\system\Model.php:210
C:\laragon\www\examen\system\BaseModel.php:609
C:\laragon\www\examen\tests\Models\PreguntaModelTest.php:58

12) Tests\Models\PreguntaModelTest::testDelete
CodeIgniter\Database\Exceptions\DatabaseException: no such table: db_preguntas

C:\laragon\www\examen\system\Database\BaseConnection.php:692
C:\laragon\www\examen\system\Database\BaseBuilder.php:2848
C:\laragon\www\examen\system\Model.php:521
C:\laragon\www\examen\system\BaseModel.php:1157
C:\laragon\www\examen\tests\Models\PreguntaModelTest.php:95

Caused by
CodeIgniter\Database\Exceptions\DatabaseException: no such table: db_preguntas

C:\laragon\www\examen\system\Database\SQLite3\Connection.php:181
C:\laragon\www\examen\system\Database\BaseConnection.php:738
C:\laragon\www\examen\system\Database\BaseConnection.php:652
C:\laragon\www\examen\system\Database\BaseBuilder.php:2848
C:\laragon\www\examen\system\Model.php:521
C:\laragon\www\examen\system\BaseModel.php:1157
C:\laragon\www\examen\tests\Models\PreguntaModelTest.php:95

Caused by
SQLite3Exception: no such table: db_preguntas

C:\laragon\www\examen\system\Database\SQLite3\Connection.php:175
C:\laragon\www\examen\system\Database\BaseConnection.php:738
C:\laragon\www\examen\system\Database\BaseConnection.php:652
C:\laragon\www\examen\system\Database\BaseBuilder.php:2848
C:\laragon\www\examen\system\Model.php:521
C:\laragon\www\examen\system\BaseModel.php:1157
C:\laragon\www\examen\tests\Models\PreguntaModelTest.php:95

13) Tests\Models\RespuestaModelTest::testFind
CodeIgniter\Database\Exceptions\DatabaseException: Unable to prepare statement: no such table: db_respuestas

C:\laragon\www\examen\system\Database\BaseConnection.php:692
C:\laragon\www\examen\system\Database\BaseBuilder.php:1649
C:\laragon\www\examen\system\Model.php:210
C:\laragon\www\examen\system\BaseModel.php:609
C:\laragon\www\examen\tests\Models\RespuestaModelTest.php:48

Caused by
CodeIgniter\Database\Exceptions\DatabaseException: Unable to prepare statement: no such table: db_respuestas

C:\laragon\www\examen\system\Database\SQLite3\Connection.php:181
C:\laragon\www\examen\system\Database\BaseConnection.php:738
C:\laragon\www\examen\system\Database\BaseConnection.php:652
C:\laragon\www\examen\system\Database\BaseBuilder.php:1649
C:\laragon\www\examen\system\Model.php:210
C:\laragon\www\examen\system\BaseModel.php:609
C:\laragon\www\examen\tests\Models\RespuestaModelTest.php:48

Caused by
SQLite3Exception: Unable to prepare statement: no such table: db_respuestas

C:\laragon\www\examen\system\Database\SQLite3\Connection.php:176
C:\laragon\www\examen\system\Database\BaseConnection.php:738
C:\laragon\www\examen\system\Database\BaseConnection.php:652
C:\laragon\www\examen\system\Database\BaseBuilder.php:1649
C:\laragon\www\examen\system\Model.php:210
C:\laragon\www\examen\system\BaseModel.php:609
C:\laragon\www\examen\tests\Models\RespuestaModelTest.php:48

14) Tests\Models\RespuestaModelTest::testDelete
CodeIgniter\Database\Exceptions\DatabaseException: no such table: db_respuestas

C:\laragon\www\examen\system\Database\BaseConnection.php:692
C:\laragon\www\examen\system\Database\BaseBuilder.php:2848
C:\laragon\www\examen\system\Model.php:521
C:\laragon\www\examen\system\BaseModel.php:1157
C:\laragon\www\examen\tests\Models\RespuestaModelTest.php:85

Caused by
CodeIgniter\Database\Exceptions\DatabaseException: no such table: db_respuestas

C:\laragon\www\examen\system\Database\SQLite3\Connection.php:181
C:\laragon\www\examen\system\Database\BaseConnection.php:738
C:\laragon\www\examen\system\Database\BaseConnection.php:652
C:\laragon\www\examen\system\Database\BaseBuilder.php:2848
C:\laragon\www\examen\system\Model.php:521
C:\laragon\www\examen\system\BaseModel.php:1157
C:\laragon\www\examen\tests\Models\RespuestaModelTest.php:85

Caused by
SQLite3Exception: no such table: db_respuestas

C:\laragon\www\examen\system\Database\SQLite3\Connection.php:175
C:\laragon\www\examen\system\Database\BaseConnection.php:738
C:\laragon\www\examen\system\Database\BaseConnection.php:652
C:\laragon\www\examen\system\Database\BaseBuilder.php:2848
C:\laragon\www\examen\system\Model.php:521
C:\laragon\www\examen\system\BaseModel.php:1157
C:\laragon\www\examen\tests\Models\RespuestaModelTest.php:85

15) Tests\Models\ResultadoExamenModelTest::testFind
CodeIgniter\Database\Exceptions\DatabaseException: Unable to prepare statement: no such table: db_conductores

C:\laragon\www\examen\system\Database\BaseConnection.php:692
C:\laragon\www\examen\system\Database\BaseBuilder.php:1649
C:\laragon\www\examen\system\Validation\Rules.php:175
C:\laragon\www\examen\system\Validation\StrictRules\Rules.php:187
C:\laragon\www\examen\system\Validation\Validation.php:337
C:\laragon\www\examen\system\Validation\Validation.php:202
C:\laragon\www\examen\system\BaseModel.php:1576
C:\laragon\www\examen\system\BaseModel.php:808
C:\laragon\www\examen\system\Model.php:800
C:\laragon\www\examen\tests\Models\ResultadoExamenModelTest.php:28

Caused by
CodeIgniter\Database\Exceptions\DatabaseException: Unable to prepare statement: no such table: db_conductores

C:\laragon\www\examen\system\Database\SQLite3\Connection.php:181
C:\laragon\www\examen\system\Database\BaseConnection.php:738
C:\laragon\www\examen\system\Database\BaseConnection.php:652
C:\laragon\www\examen\system\Database\BaseBuilder.php:1649
C:\laragon\www\examen\system\Validation\Rules.php:175
C:\laragon\www\examen\system\Validation\StrictRules\Rules.php:187
C:\laragon\www\examen\system\Validation\Validation.php:337
C:\laragon\www\examen\system\Validation\Validation.php:202
C:\laragon\www\examen\system\BaseModel.php:1576
C:\laragon\www\examen\system\BaseModel.php:808
C:\laragon\www\examen\system\Model.php:800
C:\laragon\www\examen\tests\Models\ResultadoExamenModelTest.php:28

Caused by
SQLite3Exception: Unable to prepare statement: no such table: db_conductores

C:\laragon\www\examen\system\Database\SQLite3\Connection.php:176
C:\laragon\www\examen\system\Database\BaseConnection.php:738
C:\laragon\www\examen\system\Database\BaseConnection.php:652
C:\laragon\www\examen\system\Database\BaseBuilder.php:1649
C:\laragon\www\examen\system\Validation\Rules.php:175
C:\laragon\www\examen\system\Validation\StrictRules\Rules.php:187
C:\laragon\www\examen\system\Validation\Validation.php:337
C:\laragon\www\examen\system\Validation\Validation.php:202
C:\laragon\www\examen\system\BaseModel.php:1576
C:\laragon\www\examen\system\BaseModel.php:808
C:\laragon\www\examen\system\Model.php:800
C:\laragon\www\examen\tests\Models\ResultadoExamenModelTest.php:28

16) Tests\Models\ResultadoExamenModelTest::testInsert
CodeIgniter\Database\Exceptions\DatabaseException: Unable to prepare statement: no such table: db_conductores

C:\laragon\www\examen\system\Database\BaseConnection.php:692
C:\laragon\www\examen\system\Database\BaseBuilder.php:1649
C:\laragon\www\examen\system\Validation\Rules.php:175
C:\laragon\www\examen\system\Validation\StrictRules\Rules.php:187
C:\laragon\www\examen\system\Validation\Validation.php:337
C:\laragon\www\examen\system\Validation\Validation.php:202
C:\laragon\www\examen\system\BaseModel.php:1576
C:\laragon\www\examen\system\BaseModel.php:808
C:\laragon\www\examen\system\Model.php:800
C:\laragon\www\examen\tests\Models\ResultadoExamenModelTest.php:28

Caused by
CodeIgniter\Database\Exceptions\DatabaseException: Unable to prepare statement: no such table: db_conductores

C:\laragon\www\examen\system\Database\SQLite3\Connection.php:181
C:\laragon\www\examen\system\Database\BaseConnection.php:738
C:\laragon\www\examen\system\Database\BaseConnection.php:652
C:\laragon\www\examen\system\Database\BaseBuilder.php:1649
C:\laragon\www\examen\system\Validation\Rules.php:175
C:\laragon\www\examen\system\Validation\StrictRules\Rules.php:187
C:\laragon\www\examen\system\Validation\Validation.php:337
C:\laragon\www\examen\system\Validation\Validation.php:202
C:\laragon\www\examen\system\BaseModel.php:1576
C:\laragon\www\examen\system\BaseModel.php:808
C:\laragon\www\examen\system\Model.php:800
C:\laragon\www\examen\tests\Models\ResultadoExamenModelTest.php:28

Caused by
SQLite3Exception: Unable to prepare statement: no such table: db_conductores

C:\laragon\www\examen\system\Database\SQLite3\Connection.php:176
C:\laragon\www\examen\system\Database\BaseConnection.php:738
C:\laragon\www\examen\system\Database\BaseConnection.php:652
C:\laragon\www\examen\system\Database\BaseBuilder.php:1649
C:\laragon\www\examen\system\Validation\Rules.php:175
C:\laragon\www\examen\system\Validation\StrictRules\Rules.php:187
C:\laragon\www\examen\system\Validation\Validation.php:337
C:\laragon\www\examen\system\Validation\Validation.php:202
C:\laragon\www\examen\system\BaseModel.php:1576
C:\laragon\www\examen\system\BaseModel.php:808
C:\laragon\www\examen\system\Model.php:800
C:\laragon\www\examen\tests\Models\ResultadoExamenModelTest.php:28

17) Tests\Models\ResultadoExamenModelTest::testUpdate
CodeIgniter\Database\Exceptions\DatabaseException: Unable to prepare statement: no such table: db_conductores

C:\laragon\www\examen\system\Database\BaseConnection.php:692
C:\laragon\www\examen\system\Database\BaseBuilder.php:1649
C:\laragon\www\examen\system\Validation\Rules.php:175
C:\laragon\www\examen\system\Validation\StrictRules\Rules.php:187
C:\laragon\www\examen\system\Validation\Validation.php:337
C:\laragon\www\examen\system\Validation\Validation.php:202
C:\laragon\www\examen\system\BaseModel.php:1576
C:\laragon\www\examen\system\BaseModel.php:808
C:\laragon\www\examen\system\Model.php:800
C:\laragon\www\examen\tests\Models\ResultadoExamenModelTest.php:28

Caused by
CodeIgniter\Database\Exceptions\DatabaseException: Unable to prepare statement: no such table: db_conductores

C:\laragon\www\examen\system\Database\SQLite3\Connection.php:181
C:\laragon\www\examen\system\Database\BaseConnection.php:738
C:\laragon\www\examen\system\Database\BaseConnection.php:652
C:\laragon\www\examen\system\Database\BaseBuilder.php:1649
C:\laragon\www\examen\system\Validation\Rules.php:175
C:\laragon\www\examen\system\Validation\StrictRules\Rules.php:187
C:\laragon\www\examen\system\Validation\Validation.php:337
C:\laragon\www\examen\system\Validation\Validation.php:202
C:\laragon\www\examen\system\BaseModel.php:1576
C:\laragon\www\examen\system\BaseModel.php:808
C:\laragon\www\examen\system\Model.php:800
C:\laragon\www\examen\tests\Models\ResultadoExamenModelTest.php:28

Caused by
SQLite3Exception: Unable to prepare statement: no such table: db_conductores

C:\laragon\www\examen\system\Database\SQLite3\Connection.php:176
C:\laragon\www\examen\system\Database\BaseConnection.php:738
C:\laragon\www\examen\system\Database\BaseConnection.php:652
C:\laragon\www\examen\system\Database\BaseBuilder.php:1649
C:\laragon\www\examen\system\Validation\Rules.php:175
C:\laragon\www\examen\system\Validation\StrictRules\Rules.php:187
C:\laragon\www\examen\system\Validation\Validation.php:337
C:\laragon\www\examen\system\Validation\Validation.php:202
C:\laragon\www\examen\system\BaseModel.php:1576
C:\laragon\www\examen\system\BaseModel.php:808
C:\laragon\www\examen\system\Model.php:800
C:\laragon\www\examen\tests\Models\ResultadoExamenModelTest.php:28

18) Tests\Models\ResultadoExamenModelTest::testDelete
CodeIgniter\Database\Exceptions\DatabaseException: Unable to prepare statement: no such table: db_conductores

C:\laragon\www\examen\system\Database\BaseConnection.php:692
C:\laragon\www\examen\system\Database\BaseBuilder.php:1649
C:\laragon\www\examen\system\Validation\Rules.php:175
C:\laragon\www\examen\system\Validation\StrictRules\Rules.php:187
C:\laragon\www\examen\system\Validation\Validation.php:337
C:\laragon\www\examen\system\Validation\Validation.php:202
C:\laragon\www\examen\system\BaseModel.php:1576
C:\laragon\www\examen\system\BaseModel.php:808
C:\laragon\www\examen\system\Model.php:800
C:\laragon\www\examen\tests\Models\ResultadoExamenModelTest.php:28

Caused by
CodeIgniter\Database\Exceptions\DatabaseException: Unable to prepare statement: no such table: db_conductores

C:\laragon\www\examen\system\Database\SQLite3\Connection.php:181
C:\laragon\www\examen\system\Database\BaseConnection.php:738
C:\laragon\www\examen\system\Database\BaseConnection.php:652
C:\laragon\www\examen\system\Database\BaseBuilder.php:1649
C:\laragon\www\examen\system\Validation\Rules.php:175
C:\laragon\www\examen\system\Validation\StrictRules\Rules.php:187
C:\laragon\www\examen\system\Validation\Validation.php:337
C:\laragon\www\examen\system\Validation\Validation.php:202
C:\laragon\www\examen\system\BaseModel.php:1576
C:\laragon\www\examen\system\BaseModel.php:808
C:\laragon\www\examen\system\Model.php:800
C:\laragon\www\examen\tests\Models\ResultadoExamenModelTest.php:28

Caused by
SQLite3Exception: Unable to prepare statement: no such table: db_conductores

C:\laragon\www\examen\system\Database\SQLite3\Connection.php:176
C:\laragon\www\examen\system\Database\BaseConnection.php:738
C:\laragon\www\examen\system\Database\BaseConnection.php:652
C:\laragon\www\examen\system\Database\BaseBuilder.php:1649
C:\laragon\www\examen\system\Validation\Rules.php:175
C:\laragon\www\examen\system\Validation\StrictRules\Rules.php:187
C:\laragon\www\examen\system\Validation\Validation.php:337
C:\laragon\www\examen\system\Validation\Validation.php:202
C:\laragon\www\examen\system\BaseModel.php:1576
C:\laragon\www\examen\system\BaseModel.php:808
C:\laragon\www\examen\system\Model.php:800
C:\laragon\www\examen\tests\Models\ResultadoExamenModelTest.php:28

--

There were 7 failures:

1) Tests\Controllers\ExamenControllerTest::testIndex
Failed asserting that false is true.

C:\laragon\www\examen\tests\Controllers\ExamenControllerTest.php:53

2) Tests\Controllers\ExamenControllerTest::testShow
Failed asserting that false is true.

C:\laragon\www\examen\tests\Controllers\ExamenControllerTest.php:61

3) Tests\Models\ExamenModelTest::testInsert
Failed asserting that false is of type numeric.

C:\laragon\www\examen\tests\Models\ExamenModelTest.php:54

4) Tests\Models\PreguntaModelTest::testInsert
Failed asserting that false is of type numeric.

C:\laragon\www\examen\tests\Models\PreguntaModelTest.php:72

5) Tests\Models\PreguntaModelTest::testUpdate
Failed asserting that false is true.

C:\laragon\www\examen\tests\Models\PreguntaModelTest.php:86

6) Tests\Models\RespuestaModelTest::testInsert
Failed asserting that false is of type numeric.

C:\laragon\www\examen\tests\Models\RespuestaModelTest.php:62

7) Tests\Models\RespuestaModelTest::testUpdate
Failed asserting that false is true.

C:\laragon\www\examen\tests\Models\RespuestaModelTest.php:76

ERRORS!
Tests: 30, Assertions: 14, Errors: 18, Failures: 7, Warnings: 1.
PHPUnit 11.5.18 by Sebastian Bergmann and contributors.

Runtime:       PHP 8.3.16
Configuration: C:\laragon\www\examen\phpunit.xml

FFEEEEEEEEFEEEFFEEFFEEEEE.....                                                                               30 / 30 (100%)

Time: 00:01.043, Memory: 18.00 MB

There was 1 PHPUnit test runner warning:

1) No code coverage driver available

--

There were 18 errors:

1) Tests\Controllers\ResultadoControllerTest::testVerificarEstado
CodeIgniter\Database\Exceptions\DatabaseException: Unable to prepare statement: no such table: db_conductores

C:\laragon\www\examen\system\Database\BaseConnection.php:692
C:\laragon\www\examen\system\Database\BaseBuilder.php:1649
C:\laragon\www\examen\system\Validation\Rules.php:175
C:\laragon\www\examen\system\Validation\StrictRules\Rules.php:187
C:\laragon\www\examen\system\Validation\Validation.php:337
C:\laragon\www\examen\system\Validation\Validation.php:202
C:\laragon\www\examen\system\BaseModel.php:1576
C:\laragon\www\examen\system\BaseModel.php:808
C:\laragon\www\examen\system\Model.php:800
C:\laragon\www\examen\tests\Controllers\ResultadoControllerTest.php:30

Caused by
CodeIgniter\Database\Exceptions\DatabaseException: Unable to prepare statement: no such table: db_conductores

C:\laragon\www\examen\system\Database\SQLite3\Connection.php:181
C:\laragon\www\examen\system\Database\BaseConnection.php:738
C:\laragon\www\examen\system\Database\BaseConnection.php:652
C:\laragon\www\examen\system\Database\BaseBuilder.php:1649
C:\laragon\www\examen\system\Validation\Rules.php:175
C:\laragon\www\examen\system\Validation\StrictRules\Rules.php:187
C:\laragon\www\examen\system\Validation\Validation.php:337
C:\laragon\www\examen\system\Validation\Validation.php:202
C:\laragon\www\examen\system\BaseModel.php:1576
C:\laragon\www\examen\system\BaseModel.php:808
C:\laragon\www\examen\system\Model.php:800
C:\laragon\www\examen\tests\Controllers\ResultadoControllerTest.php:30

Caused by
SQLite3Exception: Unable to prepare statement: no such table: db_conductores

C:\laragon\www\examen\system\Database\SQLite3\Connection.php:176
C:\laragon\www\examen\system\Database\BaseConnection.php:738
C:\laragon\www\examen\system\Database\BaseConnection.php:652
C:\laragon\www\examen\system\Database\BaseBuilder.php:1649
C:\laragon\www\examen\system\Validation\Rules.php:175
C:\laragon\www\examen\system\Validation\StrictRules\Rules.php:187
C:\laragon\www\examen\system\Validation\Validation.php:337
C:\laragon\www\examen\system\Validation\Validation.php:202
C:\laragon\www\examen\system\BaseModel.php:1576
C:\laragon\www\examen\system\BaseModel.php:808
C:\laragon\www\examen\system\Model.php:800
C:\laragon\www\examen\tests\Controllers\ResultadoControllerTest.php:30

2) Tests\Controllers\ResultadoControllerTest::testHistorial
CodeIgniter\Database\Exceptions\DatabaseException: Unable to prepare statement: no such table: db_conductores

C:\laragon\www\examen\system\Database\BaseConnection.php:692
C:\laragon\www\examen\system\Database\BaseBuilder.php:1649
C:\laragon\www\examen\system\Validation\Rules.php:175
C:\laragon\www\examen\system\Validation\StrictRules\Rules.php:187
C:\laragon\www\examen\system\Validation\Validation.php:337
C:\laragon\www\examen\system\Validation\Validation.php:202
C:\laragon\www\examen\system\BaseModel.php:1576
C:\laragon\www\examen\system\BaseModel.php:808
C:\laragon\www\examen\system\Model.php:800
C:\laragon\www\examen\tests\Controllers\ResultadoControllerTest.php:30

Caused by
CodeIgniter\Database\Exceptions\DatabaseException: Unable to prepare statement: no such table: db_conductores

C:\laragon\www\examen\system\Database\SQLite3\Connection.php:181
C:\laragon\www\examen\system\Database\BaseConnection.php:738
C:\laragon\www\examen\system\Database\BaseConnection.php:652
C:\laragon\www\examen\system\Database\BaseBuilder.php:1649
C:\laragon\www\examen\system\Validation\Rules.php:175
C:\laragon\www\examen\system\Validation\StrictRules\Rules.php:187
C:\laragon\www\examen\system\Validation\Validation.php:337
C:\laragon\www\examen\system\Validation\Validation.php:202
C:\laragon\www\examen\system\BaseModel.php:1576
C:\laragon\www\examen\system\BaseModel.php:808
C:\laragon\www\examen\system\Model.php:800
C:\laragon\www\examen\tests\Controllers\ResultadoControllerTest.php:30

Caused by
SQLite3Exception: Unable to prepare statement: no such table: db_conductores

C:\laragon\www\examen\system\Database\SQLite3\Connection.php:176
C:\laragon\www\examen\system\Database\BaseConnection.php:738
C:\laragon\www\examen\system\Database\BaseConnection.php:652
C:\laragon\www\examen\system\Database\BaseBuilder.php:1649
C:\laragon\www\examen\system\Validation\Rules.php:175
C:\laragon\www\examen\system\Validation\StrictRules\Rules.php:187
C:\laragon\www\examen\system\Validation\Validation.php:337
C:\laragon\www\examen\system\Validation\Validation.php:202
C:\laragon\www\examen\system\BaseModel.php:1576
C:\laragon\www\examen\system\BaseModel.php:808
C:\laragon\www\examen\system\Model.php:800
C:\laragon\www\examen\tests\Controllers\ResultadoControllerTest.php:30

3) Tests\Feature\ExamenFlujoTest::testApiExamenesEndpoint
CodeIgniter\Database\Exceptions\DatabaseException: Unable to prepare statement: no such table: db_conductores

C:\laragon\www\examen\system\Database\BaseConnection.php:692
C:\laragon\www\examen\system\Database\BaseBuilder.php:1649
C:\laragon\www\examen\system\Validation\Rules.php:175
C:\laragon\www\examen\system\Validation\StrictRules\Rules.php:187
C:\laragon\www\examen\system\Validation\Validation.php:337
C:\laragon\www\examen\system\Validation\Validation.php:202
C:\laragon\www\examen\system\BaseModel.php:1576
C:\laragon\www\examen\system\BaseModel.php:808
C:\laragon\www\examen\system\Model.php:800
C:\laragon\www\examen\tests\Feature\ExamenFlujoTest.php:33

Caused by
CodeIgniter\Database\Exceptions\DatabaseException: Unable to prepare statement: no such table: db_conductores

C:\laragon\www\examen\system\Database\SQLite3\Connection.php:181
C:\laragon\www\examen\system\Database\BaseConnection.php:738
C:\laragon\www\examen\system\Database\BaseConnection.php:652
C:\laragon\www\examen\system\Database\BaseBuilder.php:1649
C:\laragon\www\examen\system\Validation\Rules.php:175
C:\laragon\www\examen\system\Validation\StrictRules\Rules.php:187
C:\laragon\www\examen\system\Validation\Validation.php:337
C:\laragon\www\examen\system\Validation\Validation.php:202
C:\laragon\www\examen\system\BaseModel.php:1576
C:\laragon\www\examen\system\BaseModel.php:808
C:\laragon\www\examen\system\Model.php:800
C:\laragon\www\examen\tests\Feature\ExamenFlujoTest.php:33

Caused by
SQLite3Exception: Unable to prepare statement: no such table: db_conductores

C:\laragon\www\examen\system\Database\SQLite3\Connection.php:176
C:\laragon\www\examen\system\Database\BaseConnection.php:738
C:\laragon\www\examen\system\Database\BaseConnection.php:652
C:\laragon\www\examen\system\Database\BaseBuilder.php:1649
C:\laragon\www\examen\system\Validation\Rules.php:175
C:\laragon\www\examen\system\Validation\StrictRules\Rules.php:187
C:\laragon\www\examen\system\Validation\Validation.php:337
C:\laragon\www\examen\system\Validation\Validation.php:202
C:\laragon\www\examen\system\BaseModel.php:1576
C:\laragon\www\examen\system\BaseModel.php:808
C:\laragon\www\examen\system\Model.php:800
C:\laragon\www\examen\tests\Feature\ExamenFlujoTest.php:33

4) Tests\Models\ConductorModelTest::testFind
CodeIgniter\Database\Exceptions\DatabaseException: Unable to prepare statement: no such table: db_conductores

C:\laragon\www\examen\system\Database\BaseConnection.php:692
C:\laragon\www\examen\system\Database\BaseBuilder.php:1649
C:\laragon\www\examen\system\Validation\Rules.php:175
C:\laragon\www\examen\system\Validation\StrictRules\Rules.php:187
C:\laragon\www\examen\system\Validation\Validation.php:337
C:\laragon\www\examen\system\Validation\Validation.php:202
C:\laragon\www\examen\system\BaseModel.php:1576
C:\laragon\www\examen\system\BaseModel.php:808
C:\laragon\www\examen\system\Model.php:800
C:\laragon\www\examen\tests\Models\ConductorModelTest.php:22

Caused by
CodeIgniter\Database\Exceptions\DatabaseException: Unable to prepare statement: no such table: db_conductores

C:\laragon\www\examen\system\Database\SQLite3\Connection.php:181
C:\laragon\www\examen\system\Database\BaseConnection.php:738
C:\laragon\www\examen\system\Database\BaseConnection.php:652
C:\laragon\www\examen\system\Database\BaseBuilder.php:1649
C:\laragon\www\examen\system\Validation\Rules.php:175
C:\laragon\www\examen\system\Validation\StrictRules\Rules.php:187
C:\laragon\www\examen\system\Validation\Validation.php:337
C:\laragon\www\examen\system\Validation\Validation.php:202
C:\laragon\www\examen\system\BaseModel.php:1576
C:\laragon\www\examen\system\BaseModel.php:808
C:\laragon\www\examen\system\Model.php:800
C:\laragon\www\examen\tests\Models\ConductorModelTest.php:22

Caused by
SQLite3Exception: Unable to prepare statement: no such table: db_conductores

C:\laragon\www\examen\system\Database\SQLite3\Connection.php:176
C:\laragon\www\examen\system\Database\BaseConnection.php:738
C:\laragon\www\examen\system\Database\BaseConnection.php:652
C:\laragon\www\examen\system\Database\BaseBuilder.php:1649
C:\laragon\www\examen\system\Validation\Rules.php:175
C:\laragon\www\examen\system\Validation\StrictRules\Rules.php:187
C:\laragon\www\examen\system\Validation\Validation.php:337
C:\laragon\www\examen\system\Validation\Validation.php:202
C:\laragon\www\examen\system\BaseModel.php:1576
C:\laragon\www\examen\system\BaseModel.php:808
C:\laragon\www\examen\system\Model.php:800
C:\laragon\www\examen\tests\Models\ConductorModelTest.php:22

5) Tests\Models\ConductorModelTest::testInsert
CodeIgniter\Database\Exceptions\DatabaseException: Unable to prepare statement: no such table: db_conductores

C:\laragon\www\examen\system\Database\BaseConnection.php:692
C:\laragon\www\examen\system\Database\BaseBuilder.php:1649
C:\laragon\www\examen\system\Validation\Rules.php:175
C:\laragon\www\examen\system\Validation\StrictRules\Rules.php:187
C:\laragon\www\examen\system\Validation\Validation.php:337
C:\laragon\www\examen\system\Validation\Validation.php:202
C:\laragon\www\examen\system\BaseModel.php:1576
C:\laragon\www\examen\system\BaseModel.php:808
C:\laragon\www\examen\system\Model.php:800
C:\laragon\www\examen\tests\Models\ConductorModelTest.php:22

Caused by
CodeIgniter\Database\Exceptions\DatabaseException: Unable to prepare statement: no such table: db_conductores

C:\laragon\www\examen\system\Database\SQLite3\Connection.php:181
C:\laragon\www\examen\system\Database\BaseConnection.php:738
C:\laragon\www\examen\system\Database\BaseConnection.php:652
C:\laragon\www\examen\system\Database\BaseBuilder.php:1649
C:\laragon\www\examen\system\Validation\Rules.php:175
C:\laragon\www\examen\system\Validation\StrictRules\Rules.php:187
C:\laragon\www\examen\system\Validation\Validation.php:337
C:\laragon\www\examen\system\Validation\Validation.php:202
C:\laragon\www\examen\system\BaseModel.php:1576
C:\laragon\www\examen\system\BaseModel.php:808
C:\laragon\www\examen\system\Model.php:800
C:\laragon\www\examen\tests\Models\ConductorModelTest.php:22

Caused by
SQLite3Exception: Unable to prepare statement: no such table: db_conductores

C:\laragon\www\examen\system\Database\SQLite3\Connection.php:176
C:\laragon\www\examen\system\Database\BaseConnection.php:738
C:\laragon\www\examen\system\Database\BaseConnection.php:652
C:\laragon\www\examen\system\Database\BaseBuilder.php:1649
C:\laragon\www\examen\system\Validation\Rules.php:175
C:\laragon\www\examen\system\Validation\StrictRules\Rules.php:187
C:\laragon\www\examen\system\Validation\Validation.php:337
C:\laragon\www\examen\system\Validation\Validation.php:202
C:\laragon\www\examen\system\BaseModel.php:1576
C:\laragon\www\examen\system\BaseModel.php:808
C:\laragon\www\examen\system\Model.php:800
C:\laragon\www\examen\tests\Models\ConductorModelTest.php:22

6) Tests\Models\ConductorModelTest::testUpdate
CodeIgniter\Database\Exceptions\DatabaseException: Unable to prepare statement: no such table: db_conductores

C:\laragon\www\examen\system\Database\BaseConnection.php:692
C:\laragon\www\examen\system\Database\BaseBuilder.php:1649
C:\laragon\www\examen\system\Validation\Rules.php:175
C:\laragon\www\examen\system\Validation\StrictRules\Rules.php:187
C:\laragon\www\examen\system\Validation\Validation.php:337
C:\laragon\www\examen\system\Validation\Validation.php:202
C:\laragon\www\examen\system\BaseModel.php:1576
C:\laragon\www\examen\system\BaseModel.php:808
C:\laragon\www\examen\system\Model.php:800
C:\laragon\www\examen\tests\Models\ConductorModelTest.php:22

Caused by
CodeIgniter\Database\Exceptions\DatabaseException: Unable to prepare statement: no such table: db_conductores

C:\laragon\www\examen\system\Database\SQLite3\Connection.php:181
C:\laragon\www\examen\system\Database\BaseConnection.php:738
C:\laragon\www\examen\system\Database\BaseConnection.php:652
C:\laragon\www\examen\system\Database\BaseBuilder.php:1649
C:\laragon\www\examen\system\Validation\Rules.php:175
C:\laragon\www\examen\system\Validation\StrictRules\Rules.php:187
C:\laragon\www\examen\system\Validation\Validation.php:337
C:\laragon\www\examen\system\Validation\Validation.php:202
C:\laragon\www\examen\system\BaseModel.php:1576
C:\laragon\www\examen\system\BaseModel.php:808
C:\laragon\www\examen\system\Model.php:800
C:\laragon\www\examen\tests\Models\ConductorModelTest.php:22

Caused by
SQLite3Exception: Unable to prepare statement: no such table: db_conductores

C:\laragon\www\examen\system\Database\SQLite3\Connection.php:176
C:\laragon\www\examen\system\Database\BaseConnection.php:738
C:\laragon\www\examen\system\Database\BaseConnection.php:652
C:\laragon\www\examen\system\Database\BaseBuilder.php:1649
C:\laragon\www\examen\system\Validation\Rules.php:175
C:\laragon\www\examen\system\Validation\StrictRules\Rules.php:187
C:\laragon\www\examen\system\Validation\Validation.php:337
C:\laragon\www\examen\system\Validation\Validation.php:202
C:\laragon\www\examen\system\BaseModel.php:1576
C:\laragon\www\examen\system\BaseModel.php:808
C:\laragon\www\examen\system\Model.php:800
C:\laragon\www\examen\tests\Models\ConductorModelTest.php:22

7) Tests\Models\ConductorModelTest::testDelete
CodeIgniter\Database\Exceptions\DatabaseException: Unable to prepare statement: no such table: db_conductores

C:\laragon\www\examen\system\Database\BaseConnection.php:692
C:\laragon\www\examen\system\Database\BaseBuilder.php:1649
C:\laragon\www\examen\system\Validation\Rules.php:175
C:\laragon\www\examen\system\Validation\StrictRules\Rules.php:187
C:\laragon\www\examen\system\Validation\Validation.php:337
C:\laragon\www\examen\system\Validation\Validation.php:202
C:\laragon\www\examen\system\BaseModel.php:1576
C:\laragon\www\examen\system\BaseModel.php:808
C:\laragon\www\examen\system\Model.php:800
C:\laragon\www\examen\tests\Models\ConductorModelTest.php:22

Caused by
CodeIgniter\Database\Exceptions\DatabaseException: Unable to prepare statement: no such table: db_conductores

C:\laragon\www\examen\system\Database\SQLite3\Connection.php:181
C:\laragon\www\examen\system\Database\BaseConnection.php:738
C:\laragon\www\examen\system\Database\BaseConnection.php:652
C:\laragon\www\examen\system\Database\BaseBuilder.php:1649
C:\laragon\www\examen\system\Validation\Rules.php:175
C:\laragon\www\examen\system\Validation\StrictRules\Rules.php:187
C:\laragon\www\examen\system\Validation\Validation.php:337
C:\laragon\www\examen\system\Validation\Validation.php:202
C:\laragon\www\examen\system\BaseModel.php:1576
C:\laragon\www\examen\system\BaseModel.php:808
C:\laragon\www\examen\system\Model.php:800
C:\laragon\www\examen\tests\Models\ConductorModelTest.php:22

Caused by
SQLite3Exception: Unable to prepare statement: no such table: db_conductores

C:\laragon\www\examen\system\Database\SQLite3\Connection.php:176
C:\laragon\www\examen\system\Database\BaseConnection.php:738
C:\laragon\www\examen\system\Database\BaseConnection.php:652
C:\laragon\www\examen\system\Database\BaseBuilder.php:1649
C:\laragon\www\examen\system\Validation\Rules.php:175
C:\laragon\www\examen\system\Validation\StrictRules\Rules.php:187
C:\laragon\www\examen\system\Validation\Validation.php:337
C:\laragon\www\examen\system\Validation\Validation.php:202
C:\laragon\www\examen\system\BaseModel.php:1576
C:\laragon\www\examen\system\BaseModel.php:808
C:\laragon\www\examen\system\Model.php:800
C:\laragon\www\examen\tests\Models\ConductorModelTest.php:22

8) Tests\Models\ExamenModelTest::testFind
CodeIgniter\Database\Exceptions\DatabaseException: Unable to prepare statement: no such table: db_examenes

C:\laragon\www\examen\system\Database\BaseConnection.php:692
C:\laragon\www\examen\system\Database\BaseBuilder.php:1649
C:\laragon\www\examen\system\Model.php:210
C:\laragon\www\examen\system\BaseModel.php:609
C:\laragon\www\examen\tests\Models\ExamenModelTest.php:40

Caused by
CodeIgniter\Database\Exceptions\DatabaseException: Unable to prepare statement: no such table: db_examenes

C:\laragon\www\examen\system\Database\SQLite3\Connection.php:181
C:\laragon\www\examen\system\Database\BaseConnection.php:738
C:\laragon\www\examen\system\Database\BaseConnection.php:652
C:\laragon\www\examen\system\Database\BaseBuilder.php:1649
C:\laragon\www\examen\system\Model.php:210
C:\laragon\www\examen\system\BaseModel.php:609
C:\laragon\www\examen\tests\Models\ExamenModelTest.php:40

Caused by
SQLite3Exception: Unable to prepare statement: no such table: db_examenes

C:\laragon\www\examen\system\Database\SQLite3\Connection.php:176
C:\laragon\www\examen\system\Database\BaseConnection.php:738
C:\laragon\www\examen\system\Database\BaseConnection.php:652
C:\laragon\www\examen\system\Database\BaseBuilder.php:1649
C:\laragon\www\examen\system\Model.php:210
C:\laragon\www\examen\system\BaseModel.php:609
C:\laragon\www\examen\tests\Models\ExamenModelTest.php:40

9) Tests\Models\ExamenModelTest::testUpdate
CodeIgniter\Database\Exceptions\DataException: There is no data to update.

C:\laragon\www\examen\system\BaseModel.php:1010
C:\laragon\www\examen\system\Model.php:863
C:\laragon\www\examen\tests\Models\ExamenModelTest.php:67

10) Tests\Models\ExamenModelTest::testDelete
CodeIgniter\Database\Exceptions\DatabaseException: no such table: db_examenes

C:\laragon\www\examen\system\Database\BaseConnection.php:692
C:\laragon\www\examen\system\Database\BaseBuilder.php:2848
C:\laragon\www\examen\system\Model.php:521
C:\laragon\www\examen\system\BaseModel.php:1157
C:\laragon\www\examen\tests\Models\ExamenModelTest.php:77

Caused by
CodeIgniter\Database\Exceptions\DatabaseException: no such table: db_examenes

C:\laragon\www\examen\system\Database\SQLite3\Connection.php:181
C:\laragon\www\examen\system\Database\BaseConnection.php:738
C:\laragon\www\examen\system\Database\BaseConnection.php:652
C:\laragon\www\examen\system\Database\BaseBuilder.php:2848
C:\laragon\www\examen\system\Model.php:521
C:\laragon\www\examen\system\BaseModel.php:1157
C:\laragon\www\examen\tests\Models\ExamenModelTest.php:77

Caused by
SQLite3Exception: no such table: db_examenes

C:\laragon\www\examen\system\Database\SQLite3\Connection.php:175
C:\laragon\www\examen\system\Database\BaseConnection.php:738
C:\laragon\www\examen\system\Database\BaseConnection.php:652
C:\laragon\www\examen\system\Database\BaseBuilder.php:2848
C:\laragon\www\examen\system\Model.php:521
C:\laragon\www\examen\system\BaseModel.php:1157
C:\laragon\www\examen\tests\Models\ExamenModelTest.php:77

11) Tests\Models\PreguntaModelTest::testFind
CodeIgniter\Database\Exceptions\DatabaseException: Unable to prepare statement: no such table: db_preguntas

C:\laragon\www\examen\system\Database\BaseConnection.php:692
C:\laragon\www\examen\system\Database\BaseBuilder.php:1649
C:\laragon\www\examen\system\Model.php:210
C:\laragon\www\examen\system\BaseModel.php:609
C:\laragon\www\examen\tests\Models\PreguntaModelTest.php:58

Caused by
CodeIgniter\Database\Exceptions\DatabaseException: Unable to prepare statement: no such table: db_preguntas

C:\laragon\www\examen\system\Database\SQLite3\Connection.php:181
C:\laragon\www\examen\system\Database\BaseConnection.php:738
C:\laragon\www\examen\system\Database\BaseConnection.php:652
C:\laragon\www\examen\system\Database\BaseBuilder.php:1649
C:\laragon\www\examen\system\Model.php:210
C:\laragon\www\examen\system\BaseModel.php:609
C:\laragon\www\examen\tests\Models\PreguntaModelTest.php:58

Caused by
SQLite3Exception: Unable to prepare statement: no such table: db_preguntas

C:\laragon\www\examen\system\Database\SQLite3\Connection.php:176
C:\laragon\www\examen\system\Database\BaseConnection.php:738
C:\laragon\www\examen\system\Database\BaseConnection.php:652
C:\laragon\www\examen\system\Database\BaseBuilder.php:1649
C:\laragon\www\examen\system\Model.php:210
C:\laragon\www\examen\system\BaseModel.php:609
C:\laragon\www\examen\tests\Models\PreguntaModelTest.php:58

12) Tests\Models\PreguntaModelTest::testDelete
CodeIgniter\Database\Exceptions\DatabaseException: no such table: db_preguntas

C:\laragon\www\examen\system\Database\BaseConnection.php:692
C:\laragon\www\examen\system\Database\BaseBuilder.php:2848
C:\laragon\www\examen\system\Model.php:521
C:\laragon\www\examen\system\BaseModel.php:1157
C:\laragon\www\examen\tests\Models\PreguntaModelTest.php:95

Caused by
CodeIgniter\Database\Exceptions\DatabaseException: no such table: db_preguntas

C:\laragon\www\examen\system\Database\SQLite3\Connection.php:181
C:\laragon\www\examen\system\Database\BaseConnection.php:738
C:\laragon\www\examen\system\Database\BaseConnection.php:652
C:\laragon\www\examen\system\Database\BaseBuilder.php:2848
C:\laragon\www\examen\system\Model.php:521
C:\laragon\www\examen\system\BaseModel.php:1157
C:\laragon\www\examen\tests\Models\PreguntaModelTest.php:95

Caused by
SQLite3Exception: no such table: db_preguntas

C:\laragon\www\examen\system\Database\SQLite3\Connection.php:175
C:\laragon\www\examen\system\Database\BaseConnection.php:738
C:\laragon\www\examen\system\Database\BaseConnection.php:652
C:\laragon\www\examen\system\Database\BaseBuilder.php:2848
C:\laragon\www\examen\system\Model.php:521
C:\laragon\www\examen\system\BaseModel.php:1157
C:\laragon\www\examen\tests\Models\PreguntaModelTest.php:95

13) Tests\Models\RespuestaModelTest::testFind
CodeIgniter\Database\Exceptions\DatabaseException: Unable to prepare statement: no such table: db_respuestas

C:\laragon\www\examen\system\Database\BaseConnection.php:692
C:\laragon\www\examen\system\Database\BaseBuilder.php:1649
C:\laragon\www\examen\system\Model.php:210
C:\laragon\www\examen\system\BaseModel.php:609
C:\laragon\www\examen\tests\Models\RespuestaModelTest.php:48

Caused by
CodeIgniter\Database\Exceptions\DatabaseException: Unable to prepare statement: no such table: db_respuestas

C:\laragon\www\examen\system\Database\SQLite3\Connection.php:181
C:\laragon\www\examen\system\Database\BaseConnection.php:738
C:\laragon\www\examen\system\Database\BaseConnection.php:652
C:\laragon\www\examen\system\Database\BaseBuilder.php:1649
C:\laragon\www\examen\system\Model.php:210
C:\laragon\www\examen\system\BaseModel.php:609
C:\laragon\www\examen\tests\Models\RespuestaModelTest.php:48

Caused by
SQLite3Exception: Unable to prepare statement: no such table: db_respuestas

C:\laragon\www\examen\system\Database\SQLite3\Connection.php:176
C:\laragon\www\examen\system\Database\BaseConnection.php:738
C:\laragon\www\examen\system\Database\BaseConnection.php:652
C:\laragon\www\examen\system\Database\BaseBuilder.php:1649
C:\laragon\www\examen\system\Model.php:210
C:\laragon\www\examen\system\BaseModel.php:609
C:\laragon\www\examen\tests\Models\RespuestaModelTest.php:48

14) Tests\Models\RespuestaModelTest::testDelete
CodeIgniter\Database\Exceptions\DatabaseException: no such table: db_respuestas

C:\laragon\www\examen\system\Database\BaseConnection.php:692
C:\laragon\www\examen\system\Database\BaseBuilder.php:2848
C:\laragon\www\examen\system\Model.php:521
C:\laragon\www\examen\system\BaseModel.php:1157
C:\laragon\www\examen\tests\Models\RespuestaModelTest.php:85

Caused by
CodeIgniter\Database\Exceptions\DatabaseException: no such table: db_respuestas

C:\laragon\www\examen\system\Database\SQLite3\Connection.php:181
C:\laragon\www\examen\system\Database\BaseConnection.php:738
C:\laragon\www\examen\system\Database\BaseConnection.php:652
C:\laragon\www\examen\system\Database\BaseBuilder.php:2848
C:\laragon\www\examen\system\Model.php:521
C:\laragon\www\examen\system\BaseModel.php:1157
C:\laragon\www\examen\tests\Models\RespuestaModelTest.php:85

Caused by
SQLite3Exception: no such table: db_respuestas

C:\laragon\www\examen\system\Database\SQLite3\Connection.php:175
C:\laragon\www\examen\system\Database\BaseConnection.php:738
C:\laragon\www\examen\system\Database\BaseConnection.php:652
C:\laragon\www\examen\system\Database\BaseBuilder.php:2848
C:\laragon\www\examen\system\Model.php:521
C:\laragon\www\examen\system\BaseModel.php:1157
C:\laragon\www\examen\tests\Models\RespuestaModelTest.php:85

15) Tests\Models\ResultadoExamenModelTest::testFind
CodeIgniter\Database\Exceptions\DatabaseException: Unable to prepare statement: no such table: db_conductores

C:\laragon\www\examen\system\Database\BaseConnection.php:692
C:\laragon\www\examen\system\Database\BaseBuilder.php:1649
C:\laragon\www\examen\system\Validation\Rules.php:175
C:\laragon\www\examen\system\Validation\StrictRules\Rules.php:187
C:\laragon\www\examen\system\Validation\Validation.php:337
C:\laragon\www\examen\system\Validation\Validation.php:202
C:\laragon\www\examen\system\BaseModel.php:1576
C:\laragon\www\examen\system\BaseModel.php:808
C:\laragon\www\examen\system\Model.php:800
C:\laragon\www\examen\tests\Models\ResultadoExamenModelTest.php:28

Caused by
CodeIgniter\Database\Exceptions\DatabaseException: Unable to prepare statement: no such table: db_conductores

C:\laragon\www\examen\system\Database\SQLite3\Connection.php:181
C:\laragon\www\examen\system\Database\BaseConnection.php:738
C:\laragon\www\examen\system\Database\BaseConnection.php:652
C:\laragon\www\examen\system\Database\BaseBuilder.php:1649
C:\laragon\www\examen\system\Validation\Rules.php:175
C:\laragon\www\examen\system\Validation\StrictRules\Rules.php:187
C:\laragon\www\examen\system\Validation\Validation.php:337
C:\laragon\www\examen\system\Validation\Validation.php:202
C:\laragon\www\examen\system\BaseModel.php:1576
C:\laragon\www\examen\system\BaseModel.php:808
C:\laragon\www\examen\system\Model.php:800
C:\laragon\www\examen\tests\Models\ResultadoExamenModelTest.php:28

Caused by
SQLite3Exception: Unable to prepare statement: no such table: db_conductores

C:\laragon\www\examen\system\Database\SQLite3\Connection.php:176
C:\laragon\www\examen\system\Database\BaseConnection.php:738
C:\laragon\www\examen\system\Database\BaseConnection.php:652
C:\laragon\www\examen\system\Database\BaseBuilder.php:1649
C:\laragon\www\examen\system\Validation\Rules.php:175
C:\laragon\www\examen\system\Validation\StrictRules\Rules.php:187
C:\laragon\www\examen\system\Validation\Validation.php:337
C:\laragon\www\examen\system\Validation\Validation.php:202
C:\laragon\www\examen\system\BaseModel.php:1576
C:\laragon\www\examen\system\BaseModel.php:808
C:\laragon\www\examen\system\Model.php:800
C:\laragon\www\examen\tests\Models\ResultadoExamenModelTest.php:28

16) Tests\Models\ResultadoExamenModelTest::testInsert
CodeIgniter\Database\Exceptions\DatabaseException: Unable to prepare statement: no such table: db_conductores

C:\laragon\www\examen\system\Database\BaseConnection.php:692
C:\laragon\www\examen\system\Database\BaseBuilder.php:1649
C:\laragon\www\examen\system\Validation\Rules.php:175
C:\laragon\www\examen\system\Validation\StrictRules\Rules.php:187
C:\laragon\www\examen\system\Validation\Validation.php:337
C:\laragon\www\examen\system\Validation\Validation.php:202
C:\laragon\www\examen\system\BaseModel.php:1576
C:\laragon\www\examen\system\BaseModel.php:808
C:\laragon\www\examen\system\Model.php:800
C:\laragon\www\examen\tests\Models\ResultadoExamenModelTest.php:28

Caused by
CodeIgniter\Database\Exceptions\DatabaseException: Unable to prepare statement: no such table: db_conductores

C:\laragon\www\examen\system\Database\SQLite3\Connection.php:181
C:\laragon\www\examen\system\Database\BaseConnection.php:738
C:\laragon\www\examen\system\Database\BaseConnection.php:652
C:\laragon\www\examen\system\Database\BaseBuilder.php:1649
C:\laragon\www\examen\system\Validation\Rules.php:175
C:\laragon\www\examen\system\Validation\StrictRules\Rules.php:187
C:\laragon\www\examen\system\Validation\Validation.php:337
C:\laragon\www\examen\system\Validation\Validation.php:202
C:\laragon\www\examen\system\BaseModel.php:1576
C:\laragon\www\examen\system\BaseModel.php:808
C:\laragon\www\examen\system\Model.php:800
C:\laragon\www\examen\tests\Models\ResultadoExamenModelTest.php:28

Caused by
SQLite3Exception: Unable to prepare statement: no such table: db_conductores

C:\laragon\www\examen\system\Database\SQLite3\Connection.php:176
C:\laragon\www\examen\system\Database\BaseConnection.php:738
C:\laragon\www\examen\system\Database\BaseConnection.php:652
C:\laragon\www\examen\system\Database\BaseBuilder.php:1649
C:\laragon\www\examen\system\Validation\Rules.php:175
C:\laragon\www\examen\system\Validation\StrictRules\Rules.php:187
C:\laragon\www\examen\system\Validation\Validation.php:337
C:\laragon\www\examen\system\Validation\Validation.php:202
C:\laragon\www\examen\system\BaseModel.php:1576
C:\laragon\www\examen\system\BaseModel.php:808
C:\laragon\www\examen\system\Model.php:800
C:\laragon\www\examen\tests\Models\ResultadoExamenModelTest.php:28

17) Tests\Models\ResultadoExamenModelTest::testUpdate
CodeIgniter\Database\Exceptions\DatabaseException: Unable to prepare statement: no such table: db_conductores

C:\laragon\www\examen\system\Database\BaseConnection.php:692
C:\laragon\www\examen\system\Database\BaseBuilder.php:1649
C:\laragon\www\examen\system\Validation\Rules.php:175
C:\laragon\www\examen\system\Validation\StrictRules\Rules.php:187
C:\laragon\www\examen\system\Validation\Validation.php:337
C:\laragon\www\examen\system\Validation\Validation.php:202
C:\laragon\www\examen\system\BaseModel.php:1576
C:\laragon\www\examen\system\BaseModel.php:808
C:\laragon\www\examen\system\Model.php:800
C:\laragon\www\examen\tests\Models\ResultadoExamenModelTest.php:28

Caused by
CodeIgniter\Database\Exceptions\DatabaseException: Unable to prepare statement: no such table: db_conductores

C:\laragon\www\examen\system\Database\SQLite3\Connection.php:181
C:\laragon\www\examen\system\Database\BaseConnection.php:738
C:\laragon\www\examen\system\Database\BaseConnection.php:652
C:\laragon\www\examen\system\Database\BaseBuilder.php:1649
C:\laragon\www\examen\system\Validation\Rules.php:175
C:\laragon\www\examen\system\Validation\StrictRules\Rules.php:187
C:\laragon\www\examen\system\Validation\Validation.php:337
C:\laragon\www\examen\system\Validation\Validation.php:202
C:\laragon\www\examen\system\BaseModel.php:1576
C:\laragon\www\examen\system\BaseModel.php:808
C:\laragon\www\examen\system\Model.php:800
C:\laragon\www\examen\tests\Models\ResultadoExamenModelTest.php:28

Caused by
SQLite3Exception: Unable to prepare statement: no such table: db_conductores

C:\laragon\www\examen\system\Database\SQLite3\Connection.php:176
C:\laragon\www\examen\system\Database\BaseConnection.php:738
C:\laragon\www\examen\system\Database\BaseConnection.php:652
C:\laragon\www\examen\system\Database\BaseBuilder.php:1649
C:\laragon\www\examen\system\Validation\Rules.php:175
C:\laragon\www\examen\system\Validation\StrictRules\Rules.php:187
C:\laragon\www\examen\system\Validation\Validation.php:337
C:\laragon\www\examen\system\Validation\Validation.php:202
C:\laragon\www\examen\system\BaseModel.php:1576
C:\laragon\www\examen\system\BaseModel.php:808
C:\laragon\www\examen\system\Model.php:800
C:\laragon\www\examen\tests\Models\ResultadoExamenModelTest.php:28

18) Tests\Models\ResultadoExamenModelTest::testDelete
CodeIgniter\Database\Exceptions\DatabaseException: Unable to prepare statement: no such table: db_conductores

C:\laragon\www\examen\system\Database\BaseConnection.php:692
C:\laragon\www\examen\system\Database\BaseBuilder.php:1649
C:\laragon\www\examen\system\Validation\Rules.php:175
C:\laragon\www\examen\system\Validation\StrictRules\Rules.php:187
C:\laragon\www\examen\system\Validation\Validation.php:337
C:\laragon\www\examen\system\Validation\Validation.php:202
C:\laragon\www\examen\system\BaseModel.php:1576
C:\laragon\www\examen\system\BaseModel.php:808
C:\laragon\www\examen\system\Model.php:800
C:\laragon\www\examen\tests\Models\ResultadoExamenModelTest.php:28

Caused by
CodeIgniter\Database\Exceptions\DatabaseException: Unable to prepare statement: no such table: db_conductores

C:\laragon\www\examen\system\Database\SQLite3\Connection.php:181
C:\laragon\www\examen\system\Database\BaseConnection.php:738
C:\laragon\www\examen\system\Database\BaseConnection.php:652
C:\laragon\www\examen\system\Database\BaseBuilder.php:1649
C:\laragon\www\examen\system\Validation\Rules.php:175
C:\laragon\www\examen\system\Validation\StrictRules\Rules.php:187
C:\laragon\www\examen\system\Validation\Validation.php:337
C:\laragon\www\examen\system\Validation\Validation.php:202
C:\laragon\www\examen\system\BaseModel.php:1576
C:\laragon\www\examen\system\BaseModel.php:808
C:\laragon\www\examen\system\Model.php:800
C:\laragon\www\examen\tests\Models\ResultadoExamenModelTest.php:28

Caused by
SQLite3Exception: Unable to prepare statement: no such table: db_conductores

C:\laragon\www\examen\system\Database\SQLite3\Connection.php:176
C:\laragon\www\examen\system\Database\BaseConnection.php:738
C:\laragon\www\examen\system\Database\BaseConnection.php:652
C:\laragon\www\examen\system\Database\BaseBuilder.php:1649
C:\laragon\www\examen\system\Validation\Rules.php:175
C:\laragon\www\examen\system\Validation\StrictRules\Rules.php:187
C:\laragon\www\examen\system\Validation\Validation.php:337
C:\laragon\www\examen\system\Validation\Validation.php:202
C:\laragon\www\examen\system\BaseModel.php:1576
C:\laragon\www\examen\system\BaseModel.php:808
C:\laragon\www\examen\system\Model.php:800
C:\laragon\www\examen\tests\Models\ResultadoExamenModelTest.php:28

--

There were 7 failures:

1) Tests\Controllers\ExamenControllerTest::testIndex
Failed asserting that false is true.

C:\laragon\www\examen\tests\Controllers\ExamenControllerTest.php:53

2) Tests\Controllers\ExamenControllerTest::testShow
Failed asserting that false is true.

C:\laragon\www\examen\tests\Controllers\ExamenControllerTest.php:61

3) Tests\Models\ExamenModelTest::testInsert
Failed asserting that false is of type numeric.

C:\laragon\www\examen\tests\Models\ExamenModelTest.php:54

4) Tests\Models\PreguntaModelTest::testInsert
Failed asserting that false is of type numeric.

C:\laragon\www\examen\tests\Models\PreguntaModelTest.php:72

5) Tests\Models\PreguntaModelTest::testUpdate
Failed asserting that false is true.

C:\laragon\www\examen\tests\Models\PreguntaModelTest.php:86

6) Tests\Models\RespuestaModelTest::testInsert
Failed asserting that false is of type numeric.

C:\laragon\www\examen\tests\Models\RespuestaModelTest.php:62

7) Tests\Models\RespuestaModelTest::testUpdate
Failed asserting that false is true.

C:\laragon\www\examen\tests\Models\RespuestaModelTest.php:76

ERRORS!
Tests: 30, Assertions: 14, Errors: 18, Failures: 7, Warnings: 1.
